
===========================================================================
 report_power
============================================================================
======================= min_ff_n40C_1v95 Corner ===================================

Group                    Internal    Switching      Leakage        Total
                            Power        Power        Power        Power (Watts)
------------------------------------------------------------------------
Sequential           0.000000e+00 0.000000e+00 0.000000e+00 0.000000e+00   0.0%
Combinational        8.094042e-06 2.124777e-05 1.997976e-08 2.936179e-05   6.3%
Clock                9.484316e-05 3.414244e-04 1.611763e-07 4.364287e-04  93.7%
Macro                0.000000e+00 0.000000e+00 0.000000e+00 0.000000e+00   0.0%
Pad                  0.000000e+00 0.000000e+00 0.000000e+00 0.000000e+00   0.0%
------------------------------------------------------------------------
Total                1.029372e-04 3.626721e-04 1.811582e-07 4.657905e-04 100.0%
                            22.1%        77.9%         0.0%

