
===========================================================================
 report_power
============================================================================
======================= max_ff_n40C_1v95 Corner ===================================

Group                    Internal    Switching      Leakage        Total
                            Power        Power        Power        Power (Watts)
------------------------------------------------------------------------
Sequential           0.000000e+00 0.000000e+00 0.000000e+00 0.000000e+00   0.0%
Combinational        9.169332e-06 2.124777e-05 1.997976e-08 3.043708e-05   6.5%
Clock                9.488202e-05 3.419712e-04 1.611763e-07 4.370144e-04  93.5%
Macro                0.000000e+00 0.000000e+00 0.000000e+00 0.000000e+00   0.0%
Pad                  0.000000e+00 0.000000e+00 0.000000e+00 0.000000e+00   0.0%
------------------------------------------------------------------------
Total                1.040513e-04 3.632189e-04 1.811582e-07 4.674514e-04 100.0%
                            22.3%        77.7%         0.0%

