
===========================================================================
 report_power
============================================================================
======================= max_tt_025C_1v80 Corner ===================================

Group                    Internal    Switching      Leakage        Total
                            Power        Power        Power        Power (Watts)
------------------------------------------------------------------------
Sequential           0.000000e+00 0.000000e+00 0.000000e+00 0.000000e+00   0.0%
Combinational        5.504903e-06 1.814708e-05 4.758422e-09 2.365674e-05   5.9%
Clock                8.343368e-05 2.919616e-04 1.365326e-07 3.755318e-04  94.1%
Macro                0.000000e+00 0.000000e+00 0.000000e+00 0.000000e+00   0.0%
Pad                  0.000000e+00 0.000000e+00 0.000000e+00 0.000000e+00   0.0%
------------------------------------------------------------------------
Total                8.893858e-05 3.101086e-04 1.412899e-07 3.991885e-04 100.0%
                            22.3%        77.7%         0.0%

