
===========================================================================
 report_power
============================================================================
======================= nom_ff_n40C_1v95 Corner ===================================

Group                    Internal    Switching      Leakage        Total
                            Power        Power        Power        Power (Watts)
------------------------------------------------------------------------
Sequential           0.000000e+00 0.000000e+00 0.000000e+00 0.000000e+00   0.0%
Combinational        8.611280e-06 2.124777e-05 1.997976e-08 2.987903e-05   6.4%
Clock                9.485970e-05 3.416938e-04 1.611763e-07 4.367146e-04  93.6%
Macro                0.000000e+00 0.000000e+00 0.000000e+00 0.000000e+00   0.0%
Pad                  0.000000e+00 0.000000e+00 0.000000e+00 0.000000e+00   0.0%
------------------------------------------------------------------------
Total                1.034710e-04 3.629414e-04 1.811582e-07 4.665936e-04 100.0%
                            22.2%        77.8%         0.0%

